1724597512584	geckodriver	INFO	Listening on 127.0.0.1:55357
1724597515749	mozrunner::runner	INFO	Running command: "C:\\Program Files\\Mozilla Firefox\\firefox.exe" "--marionette" "--remote-debugging-port" "55358" "--remote-allow-hosts" "localhost" "-no-remote" "-profile" "C:\\Users\\Admin\\AppData\\Local\\Temp\\rust_mozprofilemlphom"
console.warn: services.settings: Ignoring preference override of remote settings server
console.warn: services.settings: Allow by setting MOZ_REMOTE_SETTINGS_DEVTOOLS=1 in the environment
Dynamically enable window occlusion 0
1724597516819	Marionette	INFO	Marionette enabled
1724597517206	Marionette	INFO	Listening on port 55373
WebDriver BiDi listening on ws://127.0.0.1:55358
Read port: 55373
1724597517711	RemoteAgent	WARN	TLS certificate errors will be ignored for this session
DevTools listening on ws://127.0.0.1:55358/devtools/browser/614fc0c2-deaa-4215-b731-f263e19c6da1
JavaScript warning: https://static-assets-web.flixcart.com/batman-returns/batman-returns/p/fkvendor.625b20.js, line 1: unreachable code after return statement
JavaScript warning: https://static-assets-web.flixcart.com/batman-returns/batman-returns/p/CrossCommon.a2f51f.js, line 1: unreachable code after return statement
JavaScript warning: https://static-assets-web.flixcart.com/batman-returns/batman-returns/p/CrossCommon.a2f51f.js, line 1: unreachable code after return statement
JavaScript warning: https://static-assets-web.flixcart.com/batman-returns/batman-returns/p/CrossCommon.a2f51f.js, line 1: unreachable code after return statement
JavaScript warning: https://static-assets-web.flixcart.com/batman-returns/batman-returns/p/CrossCommon.a2f51f.js, line 1: unreachable code after return statement
1724597547678	addons.xpi	ERROR	System addon update list error SyntaxError: XMLHttpRequest.open: 'http://%(server)s/dummy-system-addons.xml' is not a valid URL.
JavaScript error: , line 0: NS_ERROR_NOT_AVAILABLE
1724605536842	Marionette	INFO	Stopped listening on port 55373
Dynamically enable window occlusion 1
console.error: "Failed to fetch https://spocs.getpocket.com/user:" "NetworkError when attempting to fetch resource."
console.warn: TopSitesFeed: Failed to fetch data from Contile server: NetworkError when attempting to fetch resource.
